Archive member included because of file (symbol)

/usr/local/CrossPack-AVR-20131216/lib/gcc/avr/4.8.1/avr5/libgcc.a(_exit.o)
                              /usr/local/CrossPack-AVR-20131216/lib/gcc/avr/4.8.1/../../../../avr/lib/avr5/crtm328p.o (exit)
/usr/local/CrossPack-AVR-20131216/lib/gcc/avr/4.8.1/avr5/libgcc.a(_copy_data.o)
                              test_web_client.o (__do_copy_data)
/usr/local/CrossPack-AVR-20131216/lib/gcc/avr/4.8.1/avr5/libgcc.a(_clear_bss.o)
                              test_web_client.o (__do_clear_bss)
/usr/local/CrossPack-AVR-20131216/lib/gcc/avr/4.8.1/avr5/libgcc.a(_prologue.o)
                              test_web_client.o (__prologue_saves__)
/usr/local/CrossPack-AVR-20131216/lib/gcc/avr/4.8.1/avr5/libgcc.a(_epilogue.o)
                              test_web_client.o (__epilogue_restores__)
/usr/local/CrossPack-AVR-20131216/lib/gcc/avr/4.8.1/../../../../avr/lib/avr5/libc.a(atoi.o)
                              websrv_help_functions.o (atoi)
/usr/local/CrossPack-AVR-20131216/lib/gcc/avr/4.8.1/../../../../avr/lib/avr5/libc.a(isalnum.o)
                              websrv_help_functions.o (isalnum)
/usr/local/CrossPack-AVR-20131216/lib/gcc/avr/4.8.1/../../../../avr/lib/avr5/libc.a(cty_isfalse.o)
                              /usr/local/CrossPack-AVR-20131216/lib/gcc/avr/4.8.1/../../../../avr/lib/avr5/libc.a(isalnum.o) (__ctype_isfalse)
/usr/local/CrossPack-AVR-20131216/lib/gcc/avr/4.8.1/../../../../avr/lib/avr5/libc.a(isalpha.o)
                              /usr/local/CrossPack-AVR-20131216/lib/gcc/avr/4.8.1/../../../../avr/lib/avr5/libc.a(isalnum.o) (isalpha)
/usr/local/CrossPack-AVR-20131216/lib/gcc/avr/4.8.1/../../../../avr/lib/avr5/libc.a(isblank.o)
                              ip_arp_udp_tcp.o (isblank)
/usr/local/CrossPack-AVR-20131216/lib/gcc/avr/4.8.1/../../../../avr/lib/avr5/libc.a(memcmp.o)
                              ip_arp_udp_tcp.o (memcmp)
/usr/local/CrossPack-AVR-20131216/lib/gcc/avr/4.8.1/../../../../avr/lib/avr5/libc.a(strncmp.o)
                              test_web_client.o (strncmp)
/usr/local/CrossPack-AVR-20131216/lib/gcc/avr/4.8.1/../../../../avr/lib/avr5/libc.a(itoa.o)
                              websrv_help_functions.o (__itoa)
/usr/local/CrossPack-AVR-20131216/lib/gcc/avr/4.8.1/../../../../avr/lib/avr5/libc.a(itoa_ncheck.o)
                              test_web_client.o (__itoa_ncheck)
/usr/local/CrossPack-AVR-20131216/lib/gcc/avr/4.8.1/../../../../avr/lib/avr5/libc.a(mul10.o)
                              /usr/local/CrossPack-AVR-20131216/lib/gcc/avr/4.8.1/../../../../avr/lib/avr5/libc.a(atoi.o) (__mulhi_const_10)
/usr/local/CrossPack-AVR-20131216/lib/gcc/avr/4.8.1/../../../../avr/lib/avr5/libc.a(utoa_ncheck.o)
                              /usr/local/CrossPack-AVR-20131216/lib/gcc/avr/4.8.1/../../../../avr/lib/avr5/libc.a(itoa_ncheck.o) (__utoa_common)
/usr/local/CrossPack-AVR-20131216/lib/gcc/avr/4.8.1/../../../../avr/lib/avr5/libc.a(strrev.o)
                              /usr/local/CrossPack-AVR-20131216/lib/gcc/avr/4.8.1/../../../../avr/lib/avr5/libc.a(utoa_ncheck.o) (strrev)

Allocating common symbols
Common symbol       size              file

client_arp_result_callback
                    0x2               ip_arp_udp_tcp.o

Memory Configuration

Name             Origin             Length             Attributes
text             0x00000000         0x00020000         xr
data             0x00800060         0x0000ffa0         rw !x
eeprom           0x00810000         0x00010000         rw !x
fuse             0x00820000         0x00000400         rw !x
lock             0x00830000         0x00000400         rw !x
signature        0x00840000         0x00000400         rw !x
user_signatures  0x00850000         0x00000400         rw !x
*default*        0x00000000         0xffffffff

Linker script and memory map

Address of section .data set to 0x800100
LOAD /usr/local/CrossPack-AVR-20131216/lib/gcc/avr/4.8.1/../../../../avr/lib/avr5/crtm328p.o
LOAD test_web_client.o
LOAD ip_arp_udp_tcp.o
LOAD enc28j60.o
LOAD websrv_help_functions.o
LOAD dnslkup.o
START GROUP
LOAD /usr/local/CrossPack-AVR-20131216/lib/gcc/avr/4.8.1/avr5/libgcc.a
LOAD /usr/local/CrossPack-AVR-20131216/lib/gcc/avr/4.8.1/../../../../avr/lib/avr5/libm.a
LOAD /usr/local/CrossPack-AVR-20131216/lib/gcc/avr/4.8.1/../../../../avr/lib/avr5/libc.a
END GROUP

.hash
 *(.hash)

.dynsym
 *(.dynsym)

.dynstr
 *(.dynstr)

.gnu.version
 *(.gnu.version)

.gnu.version_d
 *(.gnu.version_d)

.gnu.version_r
 *(.gnu.version_r)

.rel.init
 *(.rel.init)

.rela.init
 *(.rela.init)

.rel.text
 *(.rel.text)
 *(.rel.text.*)
 *(.rel.gnu.linkonce.t*)

.rela.text
 *(.rela.text)
 *(.rela.text.*)
 *(.rela.gnu.linkonce.t*)

.rel.fini
 *(.rel.fini)

.rela.fini
 *(.rela.fini)

.rel.rodata
 *(.rel.rodata)
 *(.rel.rodata.*)
 *(.rel.gnu.linkonce.r*)

.rela.rodata
 *(.rela.rodata)
 *(.rela.rodata.*)
 *(.rela.gnu.linkonce.r*)

.rel.data
 *(.rel.data)
 *(.rel.data.*)
 *(.rel.gnu.linkonce.d*)

.rela.data
 *(.rela.data)
 *(.rela.data.*)
 *(.rela.gnu.linkonce.d*)

.rel.ctors
 *(.rel.ctors)

.rela.ctors
 *(.rela.ctors)

.rel.dtors
 *(.rel.dtors)

.rela.dtors
 *(.rela.dtors)

.rel.got
 *(.rel.got)

.rela.got
 *(.rela.got)

.rel.bss
 *(.rel.bss)

.rela.bss
 *(.rela.bss)

.rel.plt
 *(.rel.plt)

.rela.plt
 *(.rela.plt)

.text           0x00000000     0x2460
 *(.vectors)
 .vectors       0x00000000       0x68 /usr/local/CrossPack-AVR-20131216/lib/gcc/avr/4.8.1/../../../../avr/lib/avr5/crtm328p.o
                0x00000000                __vectors
                0x00000000                __vector_default
 *(.vectors)
 *(.progmem.gcc*)
                0x00000068                . = ALIGN (0x2)
                0x00000068                __trampolines_start = .
 *(.trampolines)
 .trampolines   0x00000068        0x0 linker stubs
 *(.trampolines*)
                0x00000068                __trampolines_end = .
 *(.progmem*)
 .progmem.data  0x00000068      0x1fe test_web_client.o
 .progmem.data  0x00000266       0xdc ip_arp_udp_tcp.o
                0x00000331                arpreqhdr
                0x00000339                iphdr
                0x00000342                . = ALIGN (0x2)
 *(.jumptables)
 *(.jumptables*)
 *(.lowtext)
 *(.lowtext*)
                0x00000342                __ctors_start = .
 *(.ctors)
                0x00000342                __ctors_end = .
                0x00000342                __dtors_start = .
 *(.dtors)
                0x00000342                __dtors_end = .
 SORT(*)(.ctors)
 SORT(*)(.dtors)
 *(.init0)
 .init0         0x00000342        0x0 /usr/local/CrossPack-AVR-20131216/lib/gcc/avr/4.8.1/../../../../avr/lib/avr5/crtm328p.o
                0x00000342                __init
 *(.init0)
 *(.init1)
 *(.init1)
 *(.init2)
 .init2         0x00000342        0xc /usr/local/CrossPack-AVR-20131216/lib/gcc/avr/4.8.1/../../../../avr/lib/avr5/crtm328p.o
 *(.init2)
 *(.init3)
 *(.init3)
 *(.init4)
 .init4         0x0000034e       0x16 /usr/local/CrossPack-AVR-20131216/lib/gcc/avr/4.8.1/avr5/libgcc.a(_copy_data.o)
                0x0000034e                __do_copy_data
 .init4         0x00000364       0x10 /usr/local/CrossPack-AVR-20131216/lib/gcc/avr/4.8.1/avr5/libgcc.a(_clear_bss.o)
                0x00000364                __do_clear_bss
 *(.init4)
 *(.init5)
 *(.init5)
 *(.init6)
 *(.init6)
 *(.init7)
 *(.init7)
 *(.init8)
 *(.init8)
 *(.init9)
 .init9         0x00000374        0x8 /usr/local/CrossPack-AVR-20131216/lib/gcc/avr/4.8.1/../../../../avr/lib/avr5/crtm328p.o
 *(.init9)
 *(.text)
 .text          0x0000037c        0x4 /usr/local/CrossPack-AVR-20131216/lib/gcc/avr/4.8.1/../../../../avr/lib/avr5/crtm328p.o
                0x0000037c                __vector_20
                0x0000037c                __vector_1
                0x0000037c                __vector_24
                0x0000037c                __vector_12
                0x0000037c                __bad_interrupt
                0x0000037c                __vector_6
                0x0000037c                __vector_3
                0x0000037c                __vector_23
                0x0000037c                __vector_25
                0x0000037c                __vector_11
                0x0000037c                __vector_13
                0x0000037c                __vector_17
                0x0000037c                __vector_19
                0x0000037c                __vector_5
                0x0000037c                __vector_4
                0x0000037c                __vector_9
                0x0000037c                __vector_2
                0x0000037c                __vector_21
                0x0000037c                __vector_15
                0x0000037c                __vector_8
                0x0000037c                __vector_14
                0x0000037c                __vector_10
                0x0000037c                __vector_16
                0x0000037c                __vector_18
                0x0000037c                __vector_22
 .text          0x00000380      0x3ba test_web_client.o
                0x00000380                ping_callback
                0x000003a2                browserresult_callback
                0x000003b6                arpresolver_result_callback
                0x000003ce                http200ok
                0x000003e0                print_webpage
                0x000006d8                init_cnt2
                0x00000702                __vector_7
 .text          0x0000073a      0xf92 ip_arp_udp_tcp.o
                0x0000073a                www_client_internal_result_callback
                0x000007f0                checksum
                0x000008aa                init_mac
                0x000008c0                client_ifconfig
                0x000008f4                route_via_gw
                0x00000924                check_ip_message_is_from
                0x00000942                eth_type_is_arp_and_my_ip
                0x00000976                eth_type_is_ip_and_my_ip
                0x000009ae                make_eth
                0x000009d4                fill_ip_hdr_checksum
                0x000009fe                make_ip
                0x00000a28                step_seq
                0x00000a52                make_tcphead
                0x00000a7c                make_arp_answer_from_request
                0x00000ae4                make_echo_reply_from_request
                0x00000b1e                get_tcp_data_len
                0x00000b48                fill_tcp_data_p
                0x00000b6c                fill_tcp_data_len
                0x00000b8a                fill_tcp_data
                0x00000ba2                www_client_internal_datafill_callback
                0x00000d0a                make_tcp_ack_from_any
                0x00000d82                make_tcp_ack_with_data_noflags
                0x00000dc8                init_udp_or_www_server
                0x00000dee                www_server_port
                0x00000df8                make_tcp_synack_from_syn
                0x00000e6a                www_server_reply
                0x00000e9a                fill_buf_p
                0x00000eb6                send_udp_prepare
                0x00000f8a                send_udp_transmit
                0x00000fd4                send_udp
                0x00001026                client_arp_whohas
                0x000010d6                get_mac_with_arp_wait
                0x000010e4                get_mac_with_arp
                0x0000110c                tcp_client_syn
                0x00001210                client_tcp_req
                0x00001274                client_browse_url
                0x000012d8                client_http_post
                0x0000134c                register_ping_rec_callback
                0x00001356                packetloop_arp_icmp_tcp
 .text          0x000016cc      0x4b0 enc28j60.o
                0x000016cc                enc28j60ReadOp
                0x000016f8                enc28j60WriteOp
                0x00001712                enc28j60ReadBuffer
                0x0000173e                enc28j60WriteBuffer
                0x00001768                enc28j60SetBank
                0x000017ac                enc28j60Read
                0x000017d0                enc28j60Write
                0x000017f6                enc28j60PhyRead
                0x0000183a                enc28j60PhyWrite
                0x00001880                enc28j60clkout
                0x0000188c                enc28j60Init
                0x000019da                enc28j60getrev
                0x000019e8                enc28j60linkup
                0x000019f6                enc28j60PacketSend
                0x00001a88                enc28j60hasRxPkt
                0x00001a9a                enc28j60PacketReceive
 .text          0x00001b7c      0x2ee websrv_help_functions.o
                0x00001b7c                find_key_val
                0x00001c0c                h2int
                0x00001c34                urldecode
                0x00001c90                int2h
                0x00001cb6                urlencode
                0x00001d38                parse_ip
                0x00001de4                mk_net_str
 .text          0x00001e6a      0x248 dnslkup.o
                0x00001e6a                dnslkup_haveanswer
                0x00001e70                dnslkup_get_error_info
                0x00001e76                dnslkup_get_ip
                0x00001e8c                string_is_ipv4
                0x00001eca                dnslkup_request
                0x00001fd0                udp_client_check_for_dns_answer
 .text          0x000020b2        0x0 /usr/local/CrossPack-AVR-20131216/lib/gcc/avr/4.8.1/avr5/libgcc.a(_exit.o)
 .text          0x000020b2        0x0 /usr/local/CrossPack-AVR-20131216/lib/gcc/avr/4.8.1/avr5/libgcc.a(_copy_data.o)
 .text          0x000020b2        0x0 /usr/local/CrossPack-AVR-20131216/lib/gcc/avr/4.8.1/avr5/libgcc.a(_clear_bss.o)
 .text          0x000020b2        0x0 /usr/local/CrossPack-AVR-20131216/lib/gcc/avr/4.8.1/avr5/libgcc.a(_prologue.o)
 .text          0x000020b2        0x0 /usr/local/CrossPack-AVR-20131216/lib/gcc/avr/4.8.1/avr5/libgcc.a(_epilogue.o)
 .text          0x000020b2        0x0 /usr/local/CrossPack-AVR-20131216/lib/gcc/avr/4.8.1/../../../../avr/lib/avr5/libc.a(atoi.o)
 .text          0x000020b2        0x0 /usr/local/CrossPack-AVR-20131216/lib/gcc/avr/4.8.1/../../../../avr/lib/avr5/libc.a(isalnum.o)
 .text          0x000020b2        0x0 /usr/local/CrossPack-AVR-20131216/lib/gcc/avr/4.8.1/../../../../avr/lib/avr5/libc.a(cty_isfalse.o)
 .text          0x000020b2        0x0 /usr/local/CrossPack-AVR-20131216/lib/gcc/avr/4.8.1/../../../../avr/lib/avr5/libc.a(isalpha.o)
 .text          0x000020b2        0x0 /usr/local/CrossPack-AVR-20131216/lib/gcc/avr/4.8.1/../../../../avr/lib/avr5/libc.a(isblank.o)
 .text          0x000020b2        0x0 /usr/local/CrossPack-AVR-20131216/lib/gcc/avr/4.8.1/../../../../avr/lib/avr5/libc.a(memcmp.o)
 .text          0x000020b2        0x0 /usr/local/CrossPack-AVR-20131216/lib/gcc/avr/4.8.1/../../../../avr/lib/avr5/libc.a(strncmp.o)
 .text          0x000020b2        0x0 /usr/local/CrossPack-AVR-20131216/lib/gcc/avr/4.8.1/../../../../avr/lib/avr5/libc.a(itoa.o)
 .text          0x000020b2        0x0 /usr/local/CrossPack-AVR-20131216/lib/gcc/avr/4.8.1/../../../../avr/lib/avr5/libc.a(itoa_ncheck.o)
 .text          0x000020b2        0x0 /usr/local/CrossPack-AVR-20131216/lib/gcc/avr/4.8.1/../../../../avr/lib/avr5/libc.a(mul10.o)
 .text          0x000020b2        0x0 /usr/local/CrossPack-AVR-20131216/lib/gcc/avr/4.8.1/../../../../avr/lib/avr5/libc.a(utoa_ncheck.o)
 .text          0x000020b2        0x0 /usr/local/CrossPack-AVR-20131216/lib/gcc/avr/4.8.1/../../../../avr/lib/avr5/libc.a(strrev.o)
                0x000020b2                . = ALIGN (0x2)
 *(.text.*)
 .text.startup  0x000020b2      0x204 test_web_client.o
                0x000020b2                main
 .text.libgcc.mul
                0x000022b6        0x0 /usr/local/CrossPack-AVR-20131216/lib/gcc/avr/4.8.1/avr5/libgcc.a(_exit.o)
 .text.libgcc.div
                0x000022b6        0x0 /usr/local/CrossPack-AVR-20131216/lib/gcc/avr/4.8.1/avr5/libgcc.a(_exit.o)
 .text.libgcc   0x000022b6        0x0 /usr/local/CrossPack-AVR-20131216/lib/gcc/avr/4.8.1/avr5/libgcc.a(_exit.o)
 .text.libgcc.prologue
                0x000022b6        0x0 /usr/local/CrossPack-AVR-20131216/lib/gcc/avr/4.8.1/avr5/libgcc.a(_exit.o)
 .text.libgcc.builtins
                0x000022b6        0x0 /usr/local/CrossPack-AVR-20131216/lib/gcc/avr/4.8.1/avr5/libgcc.a(_exit.o)
 .text.libgcc.fmul
                0x000022b6        0x0 /usr/local/CrossPack-AVR-20131216/lib/gcc/avr/4.8.1/avr5/libgcc.a(_exit.o)
 .text.libgcc.fixed
                0x000022b6        0x0 /usr/local/CrossPack-AVR-20131216/lib/gcc/avr/4.8.1/avr5/libgcc.a(_exit.o)
 .text.libgcc.mul
                0x000022b6        0x0 /usr/local/CrossPack-AVR-20131216/lib/gcc/avr/4.8.1/avr5/libgcc.a(_copy_data.o)
 .text.libgcc.div
                0x000022b6        0x0 /usr/local/CrossPack-AVR-20131216/lib/gcc/avr/4.8.1/avr5/libgcc.a(_copy_data.o)
 .text.libgcc   0x000022b6        0x0 /usr/local/CrossPack-AVR-20131216/lib/gcc/avr/4.8.1/avr5/libgcc.a(_copy_data.o)
 .text.libgcc.prologue
                0x000022b6        0x0 /usr/local/CrossPack-AVR-20131216/lib/gcc/avr/4.8.1/avr5/libgcc.a(_copy_data.o)
 .text.libgcc.builtins
                0x000022b6        0x0 /usr/local/CrossPack-AVR-20131216/lib/gcc/avr/4.8.1/avr5/libgcc.a(_copy_data.o)
 .text.libgcc.fmul
                0x000022b6        0x0 /usr/local/CrossPack-AVR-20131216/lib/gcc/avr/4.8.1/avr5/libgcc.a(_copy_data.o)
 .text.libgcc.fixed
                0x000022b6        0x0 /usr/local/CrossPack-AVR-20131216/lib/gcc/avr/4.8.1/avr5/libgcc.a(_copy_data.o)
 .text.libgcc.mul
                0x000022b6        0x0 /usr/local/CrossPack-AVR-20131216/lib/gcc/avr/4.8.1/avr5/libgcc.a(_clear_bss.o)
 .text.libgcc.div
                0x000022b6        0x0 /usr/local/CrossPack-AVR-20131216/lib/gcc/avr/4.8.1/avr5/libgcc.a(_clear_bss.o)
 .text.libgcc   0x000022b6        0x0 /usr/local/CrossPack-AVR-20131216/lib/gcc/avr/4.8.1/avr5/libgcc.a(_clear_bss.o)
 .text.libgcc.prologue
                0x000022b6        0x0 /usr/local/CrossPack-AVR-20131216/lib/gcc/avr/4.8.1/avr5/libgcc.a(_clear_bss.o)
 .text.libgcc.builtins
                0x000022b6        0x0 /usr/local/CrossPack-AVR-20131216/lib/gcc/avr/4.8.1/avr5/libgcc.a(_clear_bss.o)
 .text.libgcc.fmul
                0x000022b6        0x0 /usr/local/CrossPack-AVR-20131216/lib/gcc/avr/4.8.1/avr5/libgcc.a(_clear_bss.o)
 .text.libgcc.fixed
                0x000022b6        0x0 /usr/local/CrossPack-AVR-20131216/lib/gcc/avr/4.8.1/avr5/libgcc.a(_clear_bss.o)
 .text.libgcc.mul
                0x000022b6        0x0 /usr/local/CrossPack-AVR-20131216/lib/gcc/avr/4.8.1/avr5/libgcc.a(_prologue.o)
 .text.libgcc.div
                0x000022b6        0x0 /usr/local/CrossPack-AVR-20131216/lib/gcc/avr/4.8.1/avr5/libgcc.a(_prologue.o)
 .text.libgcc   0x000022b6        0x0 /usr/local/CrossPack-AVR-20131216/lib/gcc/avr/4.8.1/avr5/libgcc.a(_prologue.o)
 .text.libgcc.prologue
                0x000022b6       0x38 /usr/local/CrossPack-AVR-20131216/lib/gcc/avr/4.8.1/avr5/libgcc.a(_prologue.o)
                0x000022b6                __prologue_saves__
 .text.libgcc.builtins
                0x000022ee        0x0 /usr/local/CrossPack-AVR-20131216/lib/gcc/avr/4.8.1/avr5/libgcc.a(_prologue.o)
 .text.libgcc.fmul
                0x000022ee        0x0 /usr/local/CrossPack-AVR-20131216/lib/gcc/avr/4.8.1/avr5/libgcc.a(_prologue.o)
 .text.libgcc.fixed
                0x000022ee        0x0 /usr/local/CrossPack-AVR-20131216/lib/gcc/avr/4.8.1/avr5/libgcc.a(_prologue.o)
 .text.libgcc.mul
                0x000022ee        0x0 /usr/local/CrossPack-AVR-20131216/lib/gcc/avr/4.8.1/avr5/libgcc.a(_epilogue.o)
 .text.libgcc.div
                0x000022ee        0x0 /usr/local/CrossPack-AVR-20131216/lib/gcc/avr/4.8.1/avr5/libgcc.a(_epilogue.o)
 .text.libgcc   0x000022ee        0x0 /usr/local/CrossPack-AVR-20131216/lib/gcc/avr/4.8.1/avr5/libgcc.a(_epilogue.o)
 .text.libgcc.prologue
                0x000022ee       0x36 /usr/local/CrossPack-AVR-20131216/lib/gcc/avr/4.8.1/avr5/libgcc.a(_epilogue.o)
                0x000022ee                __epilogue_restores__
 .text.libgcc.builtins
                0x00002324        0x0 /usr/local/CrossPack-AVR-20131216/lib/gcc/avr/4.8.1/avr5/libgcc.a(_epilogue.o)
 .text.libgcc.fmul
                0x00002324        0x0 /usr/local/CrossPack-AVR-20131216/lib/gcc/avr/4.8.1/avr5/libgcc.a(_epilogue.o)
 .text.libgcc.fixed
                0x00002324        0x0 /usr/local/CrossPack-AVR-20131216/lib/gcc/avr/4.8.1/avr5/libgcc.a(_epilogue.o)
 .text.avr-libc
                0x00002324       0x3c /usr/local/CrossPack-AVR-20131216/lib/gcc/avr/4.8.1/../../../../avr/lib/avr5/libc.a(atoi.o)
                0x00002324                atoi
 .text.avr-libc
                0x00002360       0x10 /usr/local/CrossPack-AVR-20131216/lib/gcc/avr/4.8.1/../../../../avr/lib/avr5/libc.a(isalnum.o)
                0x00002360                isalnum
 .text.avr-libc
                0x00002370        0x6 /usr/local/CrossPack-AVR-20131216/lib/gcc/avr/4.8.1/../../../../avr/lib/avr5/libc.a(cty_isfalse.o)
                0x00002370                __ctype_isfalse
                0x00002374                __ctype_istrue
 .text.avr-libc
                0x00002376       0x12 /usr/local/CrossPack-AVR-20131216/lib/gcc/avr/4.8.1/../../../../avr/lib/avr5/libc.a(isalpha.o)
                0x00002376                isupper
                0x0000237a                isalpha
                0x0000237c                islower
 .text.avr-libc
                0x00002388        0xe /usr/local/CrossPack-AVR-20131216/lib/gcc/avr/4.8.1/../../../../avr/lib/avr5/libc.a(isblank.o)
                0x00002388                isblank
 .text.avr-libc
                0x00002396       0x1a /usr/local/CrossPack-AVR-20131216/lib/gcc/avr/4.8.1/../../../../avr/lib/avr5/libc.a(memcmp.o)
                0x00002396                memcmp
 .text.avr-libc
                0x000023b0       0x1c /usr/local/CrossPack-AVR-20131216/lib/gcc/avr/4.8.1/../../../../avr/lib/avr5/libc.a(strncmp.o)
                0x000023b0                strncmp
 .text.avr-libc
                0x000023cc       0x16 /usr/local/CrossPack-AVR-20131216/lib/gcc/avr/4.8.1/../../../../avr/lib/avr5/libc.a(itoa.o)
                0x000023cc                itoa
                0x000023cc                __itoa
 .text.avr-libc
                0x000023e2       0x16 /usr/local/CrossPack-AVR-20131216/lib/gcc/avr/4.8.1/../../../../avr/lib/avr5/libc.a(itoa_ncheck.o)
                0x000023e2                __itoa_ncheck
 .text.avr-libc
                0x000023f8       0x10 /usr/local/CrossPack-AVR-20131216/lib/gcc/avr/4.8.1/../../../../avr/lib/avr5/libc.a(mul10.o)
                0x000023f8                __mulhi_const_10
 .text.avr-libc
                0x00002408       0x34 /usr/local/CrossPack-AVR-20131216/lib/gcc/avr/4.8.1/../../../../avr/lib/avr5/libc.a(utoa_ncheck.o)
                0x00002408                __utoa_ncheck
                0x0000240a                __utoa_common
 .text.avr-libc
                0x0000243c       0x20 /usr/local/CrossPack-AVR-20131216/lib/gcc/avr/4.8.1/../../../../avr/lib/avr5/libc.a(strrev.o)
                0x0000243c                strrev
                0x0000245c                . = ALIGN (0x2)
 *(.fini9)
 .fini9         0x0000245c        0x0 /usr/local/CrossPack-AVR-20131216/lib/gcc/avr/4.8.1/avr5/libgcc.a(_exit.o)
                0x0000245c                exit
                0x0000245c                _exit
 *(.fini9)
 *(.fini8)
 *(.fini8)
 *(.fini7)
 *(.fini7)
 *(.fini6)
 *(.fini6)
 *(.fini5)
 *(.fini5)
 *(.fini4)
 *(.fini4)
 *(.fini3)
 *(.fini3)
 *(.fini2)
 *(.fini2)
 *(.fini1)
 *(.fini1)
 *(.fini0)
 .fini0         0x0000245c        0x4 /usr/local/CrossPack-AVR-20131216/lib/gcc/avr/4.8.1/avr5/libgcc.a(_exit.o)
 *(.fini0)
                0x00002460                _etext = .

.data           0x00800100       0x3c load address 0x00002460
                0x00800100                PROVIDE (__data_start, .)
 *(.data)
 .data          0x00800100        0x0 /usr/local/CrossPack-AVR-20131216/lib/gcc/avr/4.8.1/../../../../avr/lib/avr5/crtm328p.o
 .data          0x00800100        0xe test_web_client.o
 .data          0x0080010e        0xa ip_arp_udp_tcp.o
 .data          0x00800118        0x0 enc28j60.o
 .data          0x00800118        0x0 websrv_help_functions.o
 .data          0x00800118        0x4 dnslkup.o
 .data          0x0080011c        0x0 /usr/local/CrossPack-AVR-20131216/lib/gcc/avr/4.8.1/avr5/libgcc.a(_exit.o)
 .data          0x0080011c        0x0 /usr/local/CrossPack-AVR-20131216/lib/gcc/avr/4.8.1/avr5/libgcc.a(_copy_data.o)
 .data          0x0080011c        0x0 /usr/local/CrossPack-AVR-20131216/lib/gcc/avr/4.8.1/avr5/libgcc.a(_clear_bss.o)
 .data          0x0080011c        0x0 /usr/local/CrossPack-AVR-20131216/lib/gcc/avr/4.8.1/avr5/libgcc.a(_prologue.o)
 .data          0x0080011c        0x0 /usr/local/CrossPack-AVR-20131216/lib/gcc/avr/4.8.1/avr5/libgcc.a(_epilogue.o)
 .data          0x0080011c        0x0 /usr/local/CrossPack-AVR-20131216/lib/gcc/avr/4.8.1/../../../../avr/lib/avr5/libc.a(atoi.o)
 .data          0x0080011c        0x0 /usr/local/CrossPack-AVR-20131216/lib/gcc/avr/4.8.1/../../../../avr/lib/avr5/libc.a(isalnum.o)
 .data          0x0080011c        0x0 /usr/local/CrossPack-AVR-20131216/lib/gcc/avr/4.8.1/../../../../avr/lib/avr5/libc.a(cty_isfalse.o)
 .data          0x0080011c        0x0 /usr/local/CrossPack-AVR-20131216/lib/gcc/avr/4.8.1/../../../../avr/lib/avr5/libc.a(isalpha.o)
 .data          0x0080011c        0x0 /usr/local/CrossPack-AVR-20131216/lib/gcc/avr/4.8.1/../../../../avr/lib/avr5/libc.a(isblank.o)
 .data          0x0080011c        0x0 /usr/local/CrossPack-AVR-20131216/lib/gcc/avr/4.8.1/../../../../avr/lib/avr5/libc.a(memcmp.o)
 .data          0x0080011c        0x0 /usr/local/CrossPack-AVR-20131216/lib/gcc/avr/4.8.1/../../../../avr/lib/avr5/libc.a(strncmp.o)
 .data          0x0080011c        0x0 /usr/local/CrossPack-AVR-20131216/lib/gcc/avr/4.8.1/../../../../avr/lib/avr5/libc.a(itoa.o)
 .data          0x0080011c        0x0 /usr/local/CrossPack-AVR-20131216/lib/gcc/avr/4.8.1/../../../../avr/lib/avr5/libc.a(itoa_ncheck.o)
 .data          0x0080011c        0x0 /usr/local/CrossPack-AVR-20131216/lib/gcc/avr/4.8.1/../../../../avr/lib/avr5/libc.a(mul10.o)
 .data          0x0080011c        0x0 /usr/local/CrossPack-AVR-20131216/lib/gcc/avr/4.8.1/../../../../avr/lib/avr5/libc.a(utoa_ncheck.o)
 .data          0x0080011c        0x0 /usr/local/CrossPack-AVR-20131216/lib/gcc/avr/4.8.1/../../../../avr/lib/avr5/libc.a(strrev.o)
 *(.data*)
 *(.rodata)
 *(.rodata*)
 .rodata.str1.1
                0x0080011c       0x1f test_web_client.o
 *(.gnu.linkonce.d*)
                0x0080013c                . = ALIGN (0x2)
 *fill*         0x0080013b        0x1 
                0x0080013c                _edata = .
                0x0080013c                PROVIDE (__data_end, .)

.bss            0x0080013c      0x2f8
                0x0080013c                PROVIDE (__bss_start, .)
 *(.bss)
 .bss           0x0080013c        0x0 /usr/local/CrossPack-AVR-20131216/lib/gcc/avr/4.8.1/../../../../avr/lib/avr5/crtm328p.o
 .bss           0x0080013c      0x2b5 test_web_client.o
 .bss           0x008003f1       0x37 ip_arp_udp_tcp.o
 .bss           0x00800428        0x3 enc28j60.o
 .bss           0x0080042b        0x0 websrv_help_functions.o
 .bss           0x0080042b        0x7 dnslkup.o
 .bss           0x00800432        0x0 /usr/local/CrossPack-AVR-20131216/lib/gcc/avr/4.8.1/avr5/libgcc.a(_exit.o)
 .bss           0x00800432        0x0 /usr/local/CrossPack-AVR-20131216/lib/gcc/avr/4.8.1/avr5/libgcc.a(_copy_data.o)
 .bss           0x00800432        0x0 /usr/local/CrossPack-AVR-20131216/lib/gcc/avr/4.8.1/avr5/libgcc.a(_clear_bss.o)
 .bss           0x00800432        0x0 /usr/local/CrossPack-AVR-20131216/lib/gcc/avr/4.8.1/avr5/libgcc.a(_prologue.o)
 .bss           0x00800432        0x0 /usr/local/CrossPack-AVR-20131216/lib/gcc/avr/4.8.1/avr5/libgcc.a(_epilogue.o)
 .bss           0x00800432        0x0 /usr/local/CrossPack-AVR-20131216/lib/gcc/avr/4.8.1/../../../../avr/lib/avr5/libc.a(atoi.o)
 .bss           0x00800432        0x0 /usr/local/CrossPack-AVR-20131216/lib/gcc/avr/4.8.1/../../../../avr/lib/avr5/libc.a(isalnum.o)
 .bss           0x00800432        0x0 /usr/local/CrossPack-AVR-20131216/lib/gcc/avr/4.8.1/../../../../avr/lib/avr5/libc.a(cty_isfalse.o)
 .bss           0x00800432        0x0 /usr/local/CrossPack-AVR-20131216/lib/gcc/avr/4.8.1/../../../../avr/lib/avr5/libc.a(isalpha.o)
 .bss           0x00800432        0x0 /usr/local/CrossPack-AVR-20131216/lib/gcc/avr/4.8.1/../../../../avr/lib/avr5/libc.a(isblank.o)
 .bss           0x00800432        0x0 /usr/local/CrossPack-AVR-20131216/lib/gcc/avr/4.8.1/../../../../avr/lib/avr5/libc.a(memcmp.o)
 .bss           0x00800432        0x0 /usr/local/CrossPack-AVR-20131216/lib/gcc/avr/4.8.1/../../../../avr/lib/avr5/libc.a(strncmp.o)
 .bss           0x00800432        0x0 /usr/local/CrossPack-AVR-20131216/lib/gcc/avr/4.8.1/../../../../avr/lib/avr5/libc.a(itoa.o)
 .bss           0x00800432        0x0 /usr/local/CrossPack-AVR-20131216/lib/gcc/avr/4.8.1/../../../../avr/lib/avr5/libc.a(itoa_ncheck.o)
 .bss           0x00800432        0x0 /usr/local/CrossPack-AVR-20131216/lib/gcc/avr/4.8.1/../../../../avr/lib/avr5/libc.a(mul10.o)
 .bss           0x00800432        0x0 /usr/local/CrossPack-AVR-20131216/lib/gcc/avr/4.8.1/../../../../avr/lib/avr5/libc.a(utoa_ncheck.o)
 .bss           0x00800432        0x0 /usr/local/CrossPack-AVR-20131216/lib/gcc/avr/4.8.1/../../../../avr/lib/avr5/libc.a(strrev.o)
 *(.bss*)
 *(COMMON)
 COMMON         0x00800432        0x2 ip_arp_udp_tcp.o
                0x00800432                client_arp_result_callback
                0x00800434                PROVIDE (__bss_end, .)
                0x00002460                __data_load_start = LOADADDR (.data)
                0x0000249c                __data_load_end = (__data_load_start + SIZEOF (.data))

.noinit         0x00800434        0x0
                0x00800434                PROVIDE (__noinit_start, .)
 *(.noinit*)
                0x00800434                PROVIDE (__noinit_end, .)
                0x00800434                _end = .
                0x00800434                PROVIDE (__heap_start, .)

.eeprom         0x00810000        0x0
 *(.eeprom*)
                0x00810000                __eeprom_end = .

.fuse
 *(.fuse)
 *(.lfuse)
 *(.hfuse)
 *(.efuse)

.lock
 *(.lock*)

.signature
 *(.signature*)

.user_signatures
 *(.user_signatures*)

.stab
 *(.stab)

.stabstr
 *(.stabstr)

.stab.excl
 *(.stab.excl)

.stab.exclstr
 *(.stab.exclstr)

.stab.index
 *(.stab.index)

.stab.indexstr
 *(.stab.indexstr)

.comment        0x00000000       0x11
 *(.comment)
 .comment       0x00000000       0x11 test_web_client.o
                                 0x12 (size before relaxing)
 .comment       0x00000000       0x12 ip_arp_udp_tcp.o
 .comment       0x00000000       0x12 enc28j60.o
 .comment       0x00000000       0x12 websrv_help_functions.o
 .comment       0x00000000       0x12 dnslkup.o

.debug
 *(.debug)

.line
 *(.line)

.debug_srcinfo
 *(.debug_srcinfo)

.debug_sfnames
 *(.debug_sfnames)

.debug_aranges  0x00000000      0x148
 *(.debug_aranges)
 .debug_aranges
                0x00000000       0x28 test_web_client.o
 .debug_aranges
                0x00000028       0x20 ip_arp_udp_tcp.o
 .debug_aranges
                0x00000048       0x20 enc28j60.o
 .debug_aranges
                0x00000068       0x20 websrv_help_functions.o
 .debug_aranges
                0x00000088       0x20 dnslkup.o
 .debug_aranges
                0x000000a8       0x20 /usr/local/CrossPack-AVR-20131216/lib/gcc/avr/4.8.1/avr5/libgcc.a(_exit.o)
 .debug_aranges
                0x000000c8       0x20 /usr/local/CrossPack-AVR-20131216/lib/gcc/avr/4.8.1/avr5/libgcc.a(_copy_data.o)
 .debug_aranges
                0x000000e8       0x20 /usr/local/CrossPack-AVR-20131216/lib/gcc/avr/4.8.1/avr5/libgcc.a(_clear_bss.o)
 .debug_aranges
                0x00000108       0x20 /usr/local/CrossPack-AVR-20131216/lib/gcc/avr/4.8.1/avr5/libgcc.a(_prologue.o)
 .debug_aranges
                0x00000128       0x20 /usr/local/CrossPack-AVR-20131216/lib/gcc/avr/4.8.1/avr5/libgcc.a(_epilogue.o)

.debug_pubnames
 *(.debug_pubnames)

.debug_info     0x00000000     0x4bcc
 *(.debug_info)
 .debug_info    0x00000000     0x158b test_web_client.o
 .debug_info    0x0000158b     0x1ee2 ip_arp_udp_tcp.o
 .debug_info    0x0000346d      0xbfd enc28j60.o
 .debug_info    0x0000406a      0x47e websrv_help_functions.o
 .debug_info    0x000044e8      0x32e dnslkup.o
 .debug_info    0x00004816       0xbe /usr/local/CrossPack-AVR-20131216/lib/gcc/avr/4.8.1/avr5/libgcc.a(_exit.o)
 .debug_info    0x000048d4       0xbe /usr/local/CrossPack-AVR-20131216/lib/gcc/avr/4.8.1/avr5/libgcc.a(_copy_data.o)
 .debug_info    0x00004992       0xbe /usr/local/CrossPack-AVR-20131216/lib/gcc/avr/4.8.1/avr5/libgcc.a(_clear_bss.o)
 .debug_info    0x00004a50       0xbe /usr/local/CrossPack-AVR-20131216/lib/gcc/avr/4.8.1/avr5/libgcc.a(_prologue.o)
 .debug_info    0x00004b0e       0xbe /usr/local/CrossPack-AVR-20131216/lib/gcc/avr/4.8.1/avr5/libgcc.a(_epilogue.o)
 *(.gnu.linkonce.wi.*)

.debug_abbrev   0x00000000      0xd0d
 *(.debug_abbrev)
 .debug_abbrev  0x00000000      0x305 test_web_client.o
 .debug_abbrev  0x00000305      0x3fa ip_arp_udp_tcp.o
 .debug_abbrev  0x000006ff      0x212 enc28j60.o
 .debug_abbrev  0x00000911      0x20e websrv_help_functions.o
 .debug_abbrev  0x00000b1f      0x18a dnslkup.o
 .debug_abbrev  0x00000ca9       0x14 /usr/local/CrossPack-AVR-20131216/lib/gcc/avr/4.8.1/avr5/libgcc.a(_exit.o)
 .debug_abbrev  0x00000cbd       0x14 /usr/local/CrossPack-AVR-20131216/lib/gcc/avr/4.8.1/avr5/libgcc.a(_copy_data.o)
 .debug_abbrev  0x00000cd1       0x14 /usr/local/CrossPack-AVR-20131216/lib/gcc/avr/4.8.1/avr5/libgcc.a(_clear_bss.o)
 .debug_abbrev  0x00000ce5       0x14 /usr/local/CrossPack-AVR-20131216/lib/gcc/avr/4.8.1/avr5/libgcc.a(_prologue.o)
 .debug_abbrev  0x00000cf9       0x14 /usr/local/CrossPack-AVR-20131216/lib/gcc/avr/4.8.1/avr5/libgcc.a(_epilogue.o)

.debug_line     0x00000000      0xcc4
 *(.debug_line)
 .debug_line    0x00000000      0x2cf test_web_client.o
 .debug_line    0x000002cf      0x3a1 ip_arp_udp_tcp.o
 .debug_line    0x00000670      0x1d9 enc28j60.o
 .debug_line    0x00000849      0x15f websrv_help_functions.o
 .debug_line    0x000009a8      0x11e dnslkup.o
 .debug_line    0x00000ac6       0x58 /usr/local/CrossPack-AVR-20131216/lib/gcc/avr/4.8.1/avr5/libgcc.a(_exit.o)
 .debug_line    0x00000b1e       0x61 /usr/local/CrossPack-AVR-20131216/lib/gcc/avr/4.8.1/avr5/libgcc.a(_copy_data.o)
 .debug_line    0x00000b7f       0x5e /usr/local/CrossPack-AVR-20131216/lib/gcc/avr/4.8.1/avr5/libgcc.a(_clear_bss.o)
 .debug_line    0x00000bdd       0x74 /usr/local/CrossPack-AVR-20131216/lib/gcc/avr/4.8.1/avr5/libgcc.a(_prologue.o)
 .debug_line    0x00000c51       0x73 /usr/local/CrossPack-AVR-20131216/lib/gcc/avr/4.8.1/avr5/libgcc.a(_epilogue.o)

.debug_frame    0x00000000      0x860
 *(.debug_frame)
 .debug_frame   0x00000000       0xcc test_web_client.o
 .debug_frame   0x000000cc      0x440 ip_arp_udp_tcp.o
 .debug_frame   0x0000050c      0x188 enc28j60.o
 .debug_frame   0x00000694      0x12c websrv_help_functions.o
 .debug_frame   0x000007c0       0xa0 dnslkup.o

.debug_str      0x00000000      0xc37
 *(.debug_str)
 .debug_str     0x00000000      0x43b test_web_client.o
                                0x480 (size before relaxing)
 .debug_str     0x0000043b      0x5d9 ip_arp_udp_tcp.o
                                0x8e6 (size before relaxing)
 .debug_str     0x00000a14       0xf6 enc28j60.o
                                0x2ba (size before relaxing)
 .debug_str     0x00000b0a       0x97 websrv_help_functions.o
                                0x21b (size before relaxing)
 .debug_str     0x00000ba1       0x96 dnslkup.o
                                0x27e (size before relaxing)

.debug_loc      0x00000000     0x3e76
 *(.debug_loc)
 .debug_loc     0x00000000      0x87a test_web_client.o
 .debug_loc     0x0000087a     0x21e1 ip_arp_udp_tcp.o
 .debug_loc     0x00002a5b      0x5f9 enc28j60.o
 .debug_loc     0x00003054      0x8e2 websrv_help_functions.o
 .debug_loc     0x00003936      0x540 dnslkup.o

.debug_macinfo
 *(.debug_macinfo)

.debug_pubtypes
 *(.debug_pubtypes)

.debug_ranges   0x00000000       0x30
 *(.debug_ranges)
 .debug_ranges  0x00000000       0x18 test_web_client.o
 .debug_ranges  0x00000018       0x18 enc28j60.o

.debug_macro
 *(.debug_macro)
OUTPUT(test_web_client.elf elf32-avr)
LOAD linker stubs
